=== Run 8 start: 2026-03-13T14:09:31Z ===
params: isColumnSplit=false, max_col=16, max_row=20, prah=0.55
Category Match Analysis
=======================
Run ID: 8
Deleni params: {"isColumnSplit": false, "max_col": 16, "max_row": 20, "prah": 0.55}
Labels: 42
Mean purity: 81.69%
Weighted purity: 75.20%
Best distinct 5-category match: 90/162 (55.56%)
Category totals:
clothing: 29
kitchen utensils: 33
musical instruments: 26
tools: 28
vehicles: 28
weapons: 18
Best distinct mapping (category -> label):
clothing -> Label 38 (matched=25, purity=100.00%, recall=86.21%)
kitchen utensils -> Label 20 (matched=18, purity=90.00%, recall=54.55%)
musical instruments -> Label 39 (matched=15, purity=75.00%, recall=57.69%)
tools -> Label 11 (matched=19, purity=67.86%, recall=67.86%)
vehicles -> Label 5 (matched=7, purity=50.00%, recall=25.00%)
weapons -> Label 4 (matched=6, purity=42.86%, recall=33.33%)
Saved: output/experiments/bmf/artifacts/exemplar/all/8/animals_by_label.txt
Saved: output/experiments/bmf/artifacts/exemplar/all/8/label_category_analysis.txt
Saved: output/experiments/bmf/artifacts/exemplar/all/8/label_category_analysis.csv
Saved: output/experiments/bmf/artifacts/exemplar/all/8/summary.txt
Saved: output/experiments/bmf/artifacts/exemplar/all/8/summary.json
Updated leaderboard: output/experiments/bmf/artifacts/exemplar/all/leaderboard.csv
Processing duration: 0.180s
Run: 8
Base matrix: 166x1295
Background label: 1
Labels used for boxes (excluding background): 42
Rows annotated: 166
Columns inferred due to missing mappings: 0
Metrics source: output/experiments/bmf/artifacts/exemplar/all/8/label_category_analysis.csv
Selected labels source: output/experiments/bmf/artifacts/exemplar/all/leaderboard.csv
Selected labels in best_distinct_mapping: [4, 5, 11, 20, 38, 39]
Saved SVG: output/experiments/bmf/artifacts/exemplar/all/8/bundle_overlay.svg
Processing duration: 0.468s
Run: 8
Category -> Label mapping: {'clothing': 38, 'kitchen utensils': 20, 'musical instruments': 39, 'tools': 11, 'vehicles': 5, 'weapons': 4}
Used labels: [4, 5, 11, 20, 38, 39]
Collected cells: 2165
Out-of-bounds cells skipped: 0
Saved matrix CSV: output/experiments/bmf/artifacts/exemplar/all/8/reconstructed_matrix.csv
Processing duration: 0.185s
Loading incidence CSV data...
  Base data: data/artifacts/artifact_exemplar_feature_matrix_dichotomized.csv
  Model data: output/experiments/bmf/artifacts/exemplar/all/8/reconstructed_matrix.csv

Base matrix shape: (166, 1295)
Model matrix shape: (166, 1295)

Computing Jaccard similarity...
  Row-wise Jaccard scores: 166 rows
  Overall Jaccard: 0.0728
  Exemplars in input data: 166 exemplars

Loading typicality ratings from: data/artifacts/typicality_ratings.csv
  Found 162 unique exemplars in typicality data
  Found 5 unique bundles in model incidences

Warning: 1 exemplars couldn't be mapped to Jaccard scores:
  First few unmapped: ['oil can']

Warning: 1 exemplars couldn't be mapped to bundles:
  First few unmapped: ['oil can']

Sample of successful mappings:
  anvil                -> Jaccard: 0.2451
  chisel               -> Jaccard: 0.2030
  axe                  -> Jaccard: 0.1562

Dataframe after merging similarity scores:
  category exemplar  typicality_rating  rowwise_similarity  bundles
0    tools    anvil          11.142857            0.245098        3
1    tools   chisel          16.107143            0.203008        3
2    tools      axe          15.964286            0.156250        5
3    tools    drill          17.357143            0.178344        3
4    tools  crowbar          14.892857            0.174603        3

================================================================================
BUNDLE DISTRIBUTION BY CATEGORY (COUNTS):
================================================================================
bundles               1   2   3   4   5
category                               
clothing              0   1   0  28   0
kitchen utensils     18  11   3   1   0
musical instruments   0  11   0  16   0
tools                 2   0  20   0   6
vehicles              0  20   2   0   8
weapons               0   1   4   0  13

Overall Pearson correlation: r = -0.2667, p-value = 0.000534

================================================================================
BY CATEGORY:
================================================================================
                     avg_typicality  avg_jaccard  count
category                                               
clothing                    14.8762       0.0091     29
kitchen utensils            15.4113       0.0233     33
musical instruments         16.5278       0.0048     27
tools                       14.1843       0.1933     29
vehicles                    13.6069       0.0656     30
weapons                     14.5972       0.1781     18

================================================================================
PEARSON CORRELATION BY CATEGORY:
================================================================================
tools               : r = +0.175039, p = 0.372984 not significant (n = 28)
vehicles            : r = -0.554020, p = 0.001491 very significant (n = 30)
clothing            : r = +0.121092, p = 0.531495 not significant (n = 29)
kitchen utensils    : r = +0.193868, p = 0.279679 not significant (n = 33)
musical instruments : r = +0.137897, p = 0.492767 not significant (n = 27)
weapons             : r = -0.421541, p = 0.081453 not significant (n = 18)

================================================================================
CORRELATION SUMMARY:
================================================================================
Mean correlation across categories: -0.0579
Std deviation: 0.3366
Min correlation: -0.5540 (vehicles)
Max correlation: 0.1939 (kitchen utensils)

================================================================================
COMPLETE RESULTS TABLE:
================================================================================
           category  correlation  p_value  n_samples     significance
              tools     0.175039 0.372984         28  not significant
           vehicles    -0.554020 0.001491         30 very significant
           clothing     0.121092 0.531495         29  not significant
   kitchen utensils     0.193868 0.279679         33  not significant
musical instruments     0.137897 0.492767         27  not significant
            weapons    -0.421541 0.081453         18  not significant

Results saved to: output/experiments/bmf/artifacts/exemplar/all/8/correlation_analysis_results.csv
Enriched table saved to: output/experiments/bmf/artifacts/exemplar/all/8/typicality_similarity_enriched.csv
Processing duration: 0.136s
=== Run 8 done: 2026-03-13T14:09:33Z ===
