=== Run 7 start: 2026-03-13T14:04:18Z ===
params: isColumnSplit=true, max_col=16, max_row=20, prah=0.55
Category Match Analysis
=======================
Run ID: 7
Deleni params: {"isColumnSplit": true, "max_col": 16, "max_row": 20, "prah": 0.55}
Labels: 24
Mean purity: 75.74%
Weighted purity: 64.81%
Best distinct 5-category match: 115/162 (70.99%)
Category totals:
clothing: 29
kitchen utensils: 33
musical instruments: 26
tools: 28
vehicles: 28
weapons: 18
Best distinct mapping (category -> label):
clothing -> Label 4 (matched=29, purity=50.88%, recall=100.00%)
kitchen utensils -> Label 7 (matched=22, purity=73.33%, recall=66.67%)
musical instruments -> Label 11 (matched=26, purity=86.67%, recall=100.00%)
tools -> Label 24 (matched=16, purity=48.48%, recall=57.14%)
vehicles -> Label 19 (matched=19, purity=82.61%, recall=67.86%)
weapons -> Label 14 (matched=3, purity=60.00%, recall=16.67%)
Saved: output/experiments/bmf/artifacts/category/all/7/animals_by_label.txt
Saved: output/experiments/bmf/artifacts/category/all/7/label_category_analysis.txt
Saved: output/experiments/bmf/artifacts/category/all/7/label_category_analysis.csv
Saved: output/experiments/bmf/artifacts/category/all/7/summary.txt
Saved: output/experiments/bmf/artifacts/category/all/7/summary.json
Updated leaderboard: output/experiments/bmf/artifacts/category/all/leaderboard.csv
Processing duration: 0.052s
Run: 7
Base matrix: 166x301
Background label: 1
Labels used for boxes (excluding background): 24
Rows annotated: 166
Columns inferred due to missing mappings: 0
Metrics source: output/experiments/bmf/artifacts/category/all/7/label_category_analysis.csv
Selected labels source: output/experiments/bmf/artifacts/category/all/leaderboard.csv
Selected labels in best_distinct_mapping: [4, 7, 11, 14, 19, 24]
Saved SVG: output/experiments/bmf/artifacts/category/all/7/bundle_overlay.svg
Processing duration: 0.088s
Run: 7
Category -> Label mapping: {'clothing': 4, 'kitchen utensils': 7, 'musical instruments': 11, 'tools': 24, 'vehicles': 19, 'weapons': 14}
Used labels: [4, 7, 11, 14, 19, 24]
Collected cells: 3593
Out-of-bounds cells skipped: 0
Saved matrix CSV: output/experiments/bmf/artifacts/category/all/7/reconstructed_matrix.csv
Processing duration: 0.047s
Loading incidence CSV data...
  Base data: data/artifacts/artifact_category_feature_matrix_dichotomized.csv
  Model data: output/experiments/bmf/artifacts/category/all/7/reconstructed_matrix.csv

Base matrix shape: (166, 301)
Model matrix shape: (166, 301)

Computing Jaccard similarity...
  Row-wise Jaccard scores: 166 rows
  Overall Jaccard: 0.1710
  Exemplars in input data: 166 exemplars

Loading typicality ratings from: data/artifacts/typicality_ratings.csv
  Found 162 unique exemplars in typicality data
  Found 8 unique bundles in model incidences

Sample of successful mappings:
  anvil                -> Jaccard: 0.0000
  chisel               -> Jaccard: 0.0000
  axe                  -> Jaccard: 0.0000

Dataframe after merging similarity scores:
  category exemplar  typicality_rating  rowwise_similarity  bundles
0    tools    anvil          11.142857            0.000000        4
1    tools   chisel          16.107143            0.000000        3
2    tools      axe          15.964286            0.000000        3
3    tools    drill          17.357143            0.046512        1
4    tools  crowbar          14.892857            0.000000        3

================================================================================
BUNDLE DISTRIBUTION BY CATEGORY (COUNTS):
================================================================================
bundles              1   2  3   4   5  6   7   8
category                                        
clothing             0   0  0   0   0  0   2  27
kitchen utensils     1  19  2   5   2  3   1   0
musical instruments  0   0  0   0   0  0  27   0
tools                1   4  9  15   0  0   0   0
vehicles             0   1  8   0  21  0   0   0
weapons              3   3  7   5   0  0   0   0

Overall Pearson correlation: r = 0.1976, p-value = 0.010718

================================================================================
BY CATEGORY:
================================================================================
                     avg_typicality  avg_jaccard  count
category                                               
clothing                    14.8762       0.1988     29
kitchen utensils            15.4113       0.1658     33
musical instruments         16.5278       0.4575     27
tools                       14.1843       0.0413     29
vehicles                    13.6069       0.0129     30
weapons                     14.5972       0.0540     18

================================================================================
PEARSON CORRELATION BY CATEGORY:
================================================================================
tools               : r = -0.524295, p = 0.003506 very significant (n = 29)
vehicles            : r = -0.221717, p = 0.238989 not significant (n = 30)
clothing            : r = +0.107029, p = 0.580531 not significant (n = 29)
kitchen utensils    : r = +0.367933, p = 0.035148 significant (n = 33)
musical instruments : r = +0.253413, p = 0.202166 not significant (n = 27)
weapons             : r = -0.712404, p = 0.000909 highly significant (n = 18)

================================================================================
CORRELATION SUMMARY:
================================================================================
Mean correlation across categories: -0.1217
Std deviation: 0.4368
Min correlation: -0.7124 (weapons)
Max correlation: 0.3679 (kitchen utensils)

================================================================================
COMPLETE RESULTS TABLE:
================================================================================
           category  correlation  p_value  n_samples       significance
              tools    -0.524295 0.003506         29   very significant
           vehicles    -0.221717 0.238989         30    not significant
           clothing     0.107029 0.580531         29    not significant
   kitchen utensils     0.367933 0.035148         33        significant
musical instruments     0.253413 0.202166         27    not significant
            weapons    -0.712404 0.000909         18 highly significant

Results saved to: output/experiments/bmf/artifacts/category/all/7/correlation_analysis_results.csv
Enriched table saved to: output/experiments/bmf/artifacts/category/all/7/typicality_similarity_enriched.csv
Processing duration: 0.044s
=== Run 7 done: 2026-03-13T14:04:19Z ===
