Category Match Analysis
=======================
Run ID: 8
Deleni params: {"isColumnSplit": false, "max_col": 16, "max_row": 20, "prah": 0.55}
Labels: 17
Mean purity: 88.71%
Weighted purity: 79.70%
Best distinct 5-category match: 59/129 (45.74%)
Category totals:
birds: 30
fish: 23
insects: 26
mammals: 30
reptiles: 20
Best distinct mapping (category -> label):
birds -> Label 7 (matched=5, purity=41.67%, recall=16.67%)
fish -> Label 6 (matched=16, purity=53.33%, recall=69.57%)
insects -> Label 4 (matched=16, purity=88.89%, recall=61.54%)
mammals -> Label 9 (matched=18, purity=100.00%, recall=60.00%)
reptiles -> Label 2 (matched=4, purity=100.00%, recall=20.00%)
Saved: output/experiments/bmf/animals/exemplar/all/8/animals_by_label.txt
Saved: output/experiments/bmf/animals/exemplar/all/8/label_category_analysis.txt
Saved: output/experiments/bmf/animals/exemplar/all/8/label_category_analysis.csv
Saved: output/experiments/bmf/animals/exemplar/all/8/summary.txt
Saved: output/experiments/bmf/animals/exemplar/all/8/summary.json
Updated leaderboard: output/experiments/bmf/animals/exemplar/all/leaderboard.csv
Processing duration: 0.086s
Run: 8
Base matrix: 129x764
Background label: 1
Labels used for boxes (excluding background): 17
Rows annotated: 129
Columns inferred due to missing mappings: 0
Metrics source: output/experiments/bmf/animals/exemplar/all/8/label_category_analysis.csv
Selected labels source: output/experiments/bmf/animals/exemplar/all/leaderboard.csv
Selected labels in best_distinct_mapping: [2, 4, 6, 7, 9]
Saved SVG: output/experiments/bmf/animals/exemplar/all/8/bundle_overlay.svg
Processing duration: 0.164s
Run: 8
Category -> Label mapping: {'birds': 7, 'fish': 6, 'insects': 4, 'mammals': 9, 'reptiles': 2}
Used labels: [2, 4, 6, 7, 9]
Collected cells: 2758
Out-of-bounds cells skipped: 0
Saved matrix CSV: output/experiments/bmf/animals/exemplar/all/8/reconstructed_matrix.csv
Processing duration: 0.087s
Loading incidence CSV data...
  Base data: data/animal_exemplar_feature_matrix_dichotomized.csv
  Model data: output/experiments/bmf/animals/exemplar/all/8/reconstructed_matrix.csv

Base matrix shape: (129, 764)
Model matrix shape: (129, 764)

Computing Jaccard similarity...
  Row-wise Jaccard scores: 129 rows
  Overall Jaccard: 0.1218
  Exemplars in input data: 129 exemplars

Loading typicality ratings from: data/typicality_ratings.csv
  Found 129 unique exemplars in typicality data
  Found 6 unique bundles in model incidences

Warning: 4 exemplars couldn't be mapped to Jaccard scores:
  First few unmapped: ['canary', 'chicken', 'cockchafer', 'viper']

Warning: 4 exemplars couldn't be mapped to bundles:
  First few unmapped: ['canary', 'chicken', 'cockchafer', 'viper']

Sample of successful mappings:
  eagle                -> Jaccard: 0.0000
  dove                 -> Jaccard: 0.2424
  duck                 -> Jaccard: 0.3016

Dataframe after merging similarity scores:
  category  exemplar  typicality_rating  rowwise_similarity  bundles
0    birds     eagle          16.925926            0.000000        2
1    birds      dove          18.142857            0.242424        3
2    birds      duck          12.785714            0.301587        4
3    birds    magpie          17.892857            0.285714        3
4    birds  pheasant          13.714286            0.298969        4

================================================================================
BUNDLE DISTRIBUTION BY CATEGORY (COUNTS):
================================================================================
bundles    1   2   3  4   5  6
category                      
birds      0  11  12  5   0  0
fish       0   4  16  2   1  0
insects    0   8   1  0  16  0
mammals   18  12   0  0   0  0
reptiles   0  11   0  4   0  4

Overall Pearson correlation: r = 0.1340, p-value = 0.136353

================================================================================
BY CATEGORY:
================================================================================
          avg_typicality  avg_jaccard  count
category                                    
birds            15.3547       0.1763     30
fish             14.5604       0.1645     23
insects          15.2620       0.0888     26
mammals          15.9250       0.0948     30
reptiles         14.0575       0.0526     20

================================================================================
PEARSON CORRELATION BY CATEGORY:
================================================================================
birds               : r = +0.374512, p = 0.049587 significant (n = 28)
fish                : r = +0.498094, p = 0.015571 significant (n = 23)
insects             : r = -0.042882, p = 0.838723 not significant (n = 25)
mammals             : r = +0.207832, p = 0.270436 not significant (n = 30)
reptiles            : r = -0.661088, p = 0.002057 very significant (n = 19)

================================================================================
CORRELATION SUMMARY:
================================================================================
Mean correlation across categories: 0.0753
Std deviation: 0.4588
Min correlation: -0.6611 (reptiles)
Max correlation: 0.4981 (fish)

================================================================================
COMPLETE RESULTS TABLE:
================================================================================
category  correlation  p_value  n_samples     significance
   birds     0.374512 0.049587         28      significant
    fish     0.498094 0.015571         23      significant
 insects    -0.042882 0.838723         25  not significant
 mammals     0.207832 0.270436         30  not significant
reptiles    -0.661088 0.002057         19 very significant

Results saved to: output/experiments/bmf/animals/exemplar/all/8/correlation_analysis_results.csv
Enriched table saved to: output/experiments/bmf/animals/exemplar/all/8/typicality_similarity_enriched.csv
Processing duration: 0.083s

==========================================================================================
Run 8 | started 2026-03-13T10:01:58.023675Z
==========================================================================================
\n$ .venv/bin/python scripts/extract_animals_by_label.py --run 8 --runs-root output/experiments/bmf/animals/exemplar/all --animals data/animal_exemplar_feature_matrix_dichotomized.csv --feature-freq data/sum_features_freq_normalized_exemplar.csv --param isColumnSplit=false --param max_col=16 --param max_row=20 --param prah=0.55\n\n$ .venv/bin/python scripts/visualize_bundles.py --run 8 --runs-root output/experiments/bmf/animals/exemplar/all --base-matrix data/animal_exemplar_feature_matrix_dichotomized.csv\n\n$ .venv/bin/python scripts/reconstruct_matrix_from_best_mapping.py 8 --runs-root output/experiments/bmf/animals/exemplar/all --rows 129 --cols 764 --no-print\n\n$ .venv/bin/python scripts/correlation_analysis.py --run 8 --runs-root output/experiments/bmf/animals/exemplar/all --input-path data/animal_exemplar_feature_matrix_dichotomized.csv --domain animal --similarity-measure jaccard\n\nRun 8 | finished 2026-03-13T10:01:59.206820Z\n