=== Run 6 start: 2026-03-13T14:09:27Z ===
params: isColumnSplit=true, max_col=10, max_row=10, prah=0.6
Category Match Analysis
=======================
Run ID: 6
Deleni params: {"isColumnSplit": true, "max_col": 10, "max_row": 10, "prah": 0.6}
Labels: 142
Mean purity: 84.20%
Weighted purity: 77.21%
Best distinct 5-category match: 79/162 (48.77%)
Category totals:
clothing: 29
kitchen utensils: 33
musical instruments: 26
tools: 28
vehicles: 28
weapons: 18
Best distinct mapping (category -> label):
clothing -> Label 98 (matched=25, purity=100.00%, recall=86.21%)
kitchen utensils -> Label 19 (matched=18, purity=90.00%, recall=54.55%)
musical instruments -> Label 99 (matched=15, purity=75.00%, recall=57.69%)
tools -> Label 103 (matched=7, purity=77.78%, recall=25.00%)
vehicles -> Label 135 (matched=7, purity=77.78%, recall=25.00%)
weapons -> Label 44 (matched=7, purity=70.00%, recall=38.89%)
Saved: output/experiments/bmf/artifacts/exemplar/all/6/animals_by_label.txt
Saved: output/experiments/bmf/artifacts/exemplar/all/6/label_category_analysis.txt
Saved: output/experiments/bmf/artifacts/exemplar/all/6/label_category_analysis.csv
Saved: output/experiments/bmf/artifacts/exemplar/all/6/summary.txt
Saved: output/experiments/bmf/artifacts/exemplar/all/6/summary.json
Updated leaderboard: output/experiments/bmf/artifacts/exemplar/all/leaderboard.csv
Processing duration: 0.179s
Run: 6
Base matrix: 166x1295
Background label: 1
Labels used for boxes (excluding background): 142
Rows annotated: 166
Columns inferred due to missing mappings: 0
Metrics source: output/experiments/bmf/artifacts/exemplar/all/6/label_category_analysis.csv
Selected labels source: output/experiments/bmf/artifacts/exemplar/all/leaderboard.csv
Selected labels in best_distinct_mapping: [19, 44, 98, 99, 103, 135]
Saved SVG: output/experiments/bmf/artifacts/exemplar/all/6/bundle_overlay.svg
Processing duration: 0.354s
Run: 6
Category -> Label mapping: {'clothing': 98, 'kitchen utensils': 19, 'musical instruments': 99, 'tools': 103, 'vehicles': 135, 'weapons': 44}
Used labels: [19, 44, 98, 99, 103, 135]
Collected cells: 102
Out-of-bounds cells skipped: 0
Saved matrix CSV: output/experiments/bmf/artifacts/exemplar/all/6/reconstructed_matrix.csv
Processing duration: 0.185s
Loading incidence CSV data...
  Base data: data/artifacts/artifact_exemplar_feature_matrix_dichotomized.csv
  Model data: output/experiments/bmf/artifacts/exemplar/all/6/reconstructed_matrix.csv

Base matrix shape: (166, 1295)
Model matrix shape: (166, 1295)

Computing Jaccard similarity...
  Row-wise Jaccard scores: 166 rows
  Overall Jaccard: 0.0049
  Exemplars in input data: 166 exemplars

Loading typicality ratings from: data/artifacts/typicality_ratings.csv
  Found 162 unique exemplars in typicality data
  Found 4 unique bundles in model incidences

Warning: 1 exemplars couldn't be mapped to Jaccard scores:
  First few unmapped: ['oil can']

Warning: 1 exemplars couldn't be mapped to bundles:
  First few unmapped: ['oil can']

Sample of successful mappings:
  anvil                -> Jaccard: 0.0116
  chisel               -> Jaccard: 0.0000
  axe                  -> Jaccard: 0.0000

Dataframe after merging similarity scores:
  category exemplar  typicality_rating  rowwise_similarity  bundles
0    tools    anvil          11.142857            0.011628        3
1    tools   chisel          16.107143            0.000000        2
2    tools      axe          15.964286            0.000000        2
3    tools    drill          17.357143            0.000000        2
4    tools  crowbar          14.892857            0.000000        2

================================================================================
BUNDLE DISTRIBUTION BY CATEGORY (COUNTS):
================================================================================
bundles               1   2   3  4
category                          
clothing              0   1  28  0
kitchen utensils     18  14   1  0
musical instruments   0  11  16  0
tools                 2  19   7  0
vehicles              0  19   3  8
weapons               0   9   9  0

Overall Pearson correlation: r = 0.2123, p-value = 0.006188

================================================================================
BY CATEGORY:
================================================================================
                     avg_typicality  avg_jaccard  count
category                                               
clothing                    14.8762       0.0091     29
kitchen utensils            15.4113       0.0049     33
musical instruments         16.5278       0.0048     27
tools                       14.1843       0.0028     29
vehicles                    13.6069       0.0038     30
weapons                     14.5972       0.0035     18

================================================================================
PEARSON CORRELATION BY CATEGORY:
================================================================================
tools               : r = +0.040445, p = 0.838088 not significant (n = 28)
vehicles            : r = +0.501959, p = 0.004708 very significant (n = 30)
clothing            : r = +0.121092, p = 0.531495 not significant (n = 29)
kitchen utensils    : r = +0.171138, p = 0.340967 not significant (n = 33)
musical instruments : r = +0.137897, p = 0.492767 not significant (n = 27)
weapons             : r = +0.007983, p = 0.974920 not significant (n = 18)

================================================================================
CORRELATION SUMMARY:
================================================================================
Mean correlation across categories: 0.1634
Std deviation: 0.1769
Min correlation: 0.0080 (weapons)
Max correlation: 0.5020 (vehicles)

================================================================================
COMPLETE RESULTS TABLE:
================================================================================
           category  correlation  p_value  n_samples     significance
              tools     0.040445 0.838088         28  not significant
           vehicles     0.501959 0.004708         30 very significant
           clothing     0.121092 0.531495         29  not significant
   kitchen utensils     0.171138 0.340967         33  not significant
musical instruments     0.137897 0.492767         27  not significant
            weapons     0.007983 0.974920         18  not significant

Results saved to: output/experiments/bmf/artifacts/exemplar/all/6/correlation_analysis_results.csv
Enriched table saved to: output/experiments/bmf/artifacts/exemplar/all/6/typicality_similarity_enriched.csv
Processing duration: 0.202s
=== Run 6 done: 2026-03-13T14:09:29Z ===
